// Jest Snapshot v1, https://goo.gl/fbAQLP

exports[`Button should render a button 1`] = `
<button
  className="style"
  onClick={[Function]}
  style={
    Object {
      "color": "black",
    }
  }
  type="button"
>
  press
</button>
`;
